Loading module Cryptol
Loading module Cryptol
Loading module Main
[warning] at :1:1--4:82:
  Defaulting type parameter 'bits'
             of finite enumeration
             at ./check24.cry:4:60--4:71
  to 4
True
