Loading module Cryptol
Loading module Cryptol
Loading module Main
[warning] at :1:1--3:39:
  Defaulting type parameter 'bits'
             of literal or demoted expression
             at ./check20.cry:3:31--3:33
  to 4
True
