Loading module Cryptol
Loading module Cryptol
Loading module Main
[warning] at :1:1--4:17:
  Defaulting type parameter 'bits'
             of literal or demoted expression
             at ./check16-tab.cry:1:22--1:23
  to 4
True
