Loading module Cryptol
Loading module Cryptol
Loading module Main
[warning] at :1:1--5:25:
  Defaulting type parameter 'bits'
             of finite enumeration
             at ./check11.cry:3:10--3:19
  to 7
[warning] at :1:1--5:25:
  Defaulting type parameter 'bits'
             of finite enumeration
             at ./check11.cry:5:16--5:25
  to 7
True
