Loading module Cryptol
Loading module Cryptol
Loading module Foo
Loading module issue127
