Should be

True
True 

(and warnings) instead of a bunch of constraint errors
