Loading module Cryptol
Loading module Cryptol
Loading module Main
property thm1 Q.E.D.
property thm2 Q.E.D.
property thm3 Q.E.D.
property thm4 Q.E.D.
property thm5 Q.E.D.
property thm6 Q.E.D.
